[     497ms] [WARNING] Failed to decode downloaded font: https://calai.app/Inter-Regular.ttf @ https://calai.app/:368
[     497ms] [WARNING] OTS parsing error: invalid sfntVersion: 168430090 @ https://calai.app/:368
[     497ms] [WARNING] Failed to decode downloaded font: https://calai.app/Inter-Regular.ttf @ https://calai.app/:368
[     497ms] [WARNING] OTS parsing error: invalid sfntVersion: 168430090 @ https://calai.app/:368
[    1093ms] [LOG] TypeError: window.__gpp is not a function
    at new P (https://sdk.privacy-center.org/sdk/e0bf57ced25a19e7e26c167b511d816f7387ecc5/modern/gpp-library.e0bf57ced25a19e7e26c167b511d816f7387ecc5.js:1:22327)
    at <instance_members_initializer> (https://sdk.privacy-center.org/sdk/e0bf57ced25a19e7e26c167b511d816f7387ecc5/modern/gpp-library.e0bf57ced25a19e7e26c167b511d816f7387ecc5.js:1:130468)
    at new Cn (https://sdk.privacy-center.org/sdk/e0bf57ced25a19e7e26c167b511d816f7387ecc5/modern/gpp-library.e0bf57ced25a19e7e26c167b511d816f7387ecc5.js:1:130414)
    at new Mn (https://sdk.privacy-center.org/sdk/e0bf57ced25a19e7e26c167b511d816f7387ecc5/modern/gpp-library.e0bf57ced25a19e7e26c167b511d816f7387ecc5.js:1:136973)
    at Ti (https://sdk.privacy-center.org/sdk/e0bf57ced25a19e7e26c167b511d816f7387ecc5/modern/gpp-library.e0bf57ced25a19e7e26c167b511d816f7387ecc5.js:1:148694)
    at https://sdk.privacy-center.org/sdk/e0bf57ced25a19e7e26c167b511d816f7387ecc5/modern/sdk.e0bf57ced25a19e7e26c167b511d816f7387ecc5.js:2:399733 @ https://sdk.privacy-center.org/sdk/e0bf57ced25a19e7e26c167b511d816f7387ecc5/modern/gpp-library.e0bf57ced25a19e7e26c167b511d816f7387ecc5.js:0
[    3782ms] [WARNING] Failed to decode downloaded font: https://calai.app/Inter-Regular.ttf @ https://calai.app/:0
[    3782ms] [WARNING] OTS parsing error: invalid sfntVersion: 168430090 @ https://calai.app/:0
[   13065ms] [WARNING] Failed to decode downloaded font: https://calai.app/Inter-Regular.ttf @ https://calai.app/:0
[   13065ms] [WARNING] OTS parsing error: invalid sfntVersion: 168430090 @ https://calai.app/:0
[   13116ms] [WARNING] Failed to decode downloaded font: https://calai.app/Inter-Regular.ttf @ https://calai.app/:0
[   13116ms] [WARNING] OTS parsing error: invalid sfntVersion: 168430090 @ https://calai.app/:0
[   98442ms] [WARNING] Failed to decode downloaded font: https://calai.app/Inter-Regular.ttf @ https://calai.app/:0
[   98442ms] [WARNING] OTS parsing error: invalid sfntVersion: 168430090 @ https://calai.app/:0
[  114487ms] [WARNING] Failed to decode downloaded font: https://calai.app/Inter-Regular.ttf @ https://calai.app/:0
[  114487ms] [WARNING] OTS parsing error: invalid sfntVersion: 168430090 @ https://calai.app/:0
